<?xml version="1.0" encoding="utf-8"?><testsuites><testsuite name="pytest" errors="0" failures="0" skipped="0" tests="50" time="15.760" timestamp="2025-05-05T17:10:12.560962+05:30" hostname="SHTLP0047"><testcase classname="test_Raga_testing.TestRAGEvaluator" name="test_init" time="0.005" /><testcase classname="test_Raga_testing.TestRAGEvaluator" name="test_build_prompt" time="0.003" /><testcase classname="test_Raga_testing.TestRAGEvaluator" name="test_extract_scores" time="0.003" /><testcase classname="test_Raga_testing.TestRAGEvaluator" name="test_evaluate_batch" time="0.007" /><testcase classname="test_Raga_testing.TestRAGEvaluator" name="test_append_to_excel" time="0.007" /><testcase classname="test_Raga_testing.TestRAGEvaluator" name="test_update_json_scores" time="0.014" /><testcase classname="test_Raga_testing.TestRAGEvaluator" name="test_run" time="0.013" /><testcase classname="test_bert_testing.TestQAEvaluator" name="test_init" time="0.002" /><testcase classname="test_bert_testing.TestQAEvaluator" name="test_cosine_similarity" time="0.002" /><testcase classname="test_bert_testing.TestQAEvaluator" name="test_get_bert_f1" time="0.003" /><testcase classname="test_bert_testing.TestQAEvaluator" name="test_get_rouge_score" time="0.003" /><testcase classname="test_bert_testing.TestQAEvaluator" name="test_calculate_metrics" time="0.005" /><testcase classname="test_bert_testing.TestQAEvaluator" name="test_calculate_grade" time="0.002" /><testcase classname="test_bert_testing.TestQAEvaluator" name="test_evaluate_excel" time="0.017" /><testcase classname="test_embedding.TestChunkUploader" name="test_init" time="0.005" /><testcase classname="test_embedding.TestChunkUploader" name="test_load_text" time="0.007" /><testcase classname="test_embedding.TestChunkUploader" name="test_split_text_semantic" time="0.003" /><testcase classname="test_embedding.TestChunkUploader" name="test_create_weaviate_schema" time="0.004" /><testcase classname="test_embedding.TestChunkUploader" name="test_insert_chunks" time="0.005" /><testcase classname="test_embedding.TestChunkUploader" name="test_run" time="0.004" /><testcase classname="test_main.TestWeaviateRetriever" name="test_init" time="0.003" /><testcase classname="test_main.TestWeaviateRetriever" name="test_retrieve" time="0.004" /><testcase classname="test_main.TestReranker" name="test_init" time="0.002" /><testcase classname="test_main.TestReranker" name="test_rerank" time="0.002" /><testcase classname="test_main.TestLlamaQuerier" name="test_init" time="0.001" /><testcase classname="test_main.TestLlamaQuerier" name="test_query" time="0.003" /><testcase classname="test_main.TestQAApp" name="test_init_and_load_history" time="0.006" /><testcase classname="test_main.TestQAApp" name="test_save_history" time="0.008" /><testcase classname="test_main.TestQAApp" name="test_format_prompt" time="0.003" /><testcase classname="test_question_generation.TestTextLoader" name="test_load" time="0.005" /><testcase classname="test_question_generation.TestTextSplitter" name="test_init" time="0.003" /><testcase classname="test_question_generation.TestTextSplitter" name="test_split" time="0.001" /><testcase classname="test_question_generation.TestLLaMAClient" name="test_init" time="0.001" /><testcase classname="test_question_generation.TestLLaMAClient" name="test_query" time="0.002" /><testcase classname="test_question_generation.TestQAGenerator" name="test_init" time="0.001" /><testcase classname="test_question_generation.TestQAGenerator" name="test_build_prompt" time="0.001" /><testcase classname="test_question_generation.TestQAGenerator" name="test_generate" time="0.404" /><testcase classname="test_question_generation.TestDataSaver" name="test_to_csv" time="0.002" /><testcase classname="test_question_generation.TestMainExecution" name="test_main_execution" time="0.004" /><testcase classname="test_scrapper.TestWikipediaScraper" name="test_init" time="0.001" /><testcase classname="test_scrapper.TestWikipediaScraper" name="test_clean_text" time="0.001" /><testcase classname="test_scrapper.TestWikipediaScraper" name="test_scrape_page" time="6.012" /><testcase classname="test_scrapper.TestWikipediaScraper" name="test_save_to_file" time="0.006" /><testcase classname="test_scrapper.TestWikipediaScraper" name="test_scrape_all" time="3.011" /><testcase classname="test_testing_data_generation.TestRAGQuestionAnswering" name="test_init" time="0.005" /><testcase classname="test_testing_data_generation.TestRAGQuestionAnswering" name="test_search_weaviate" time="0.006" /><testcase classname="test_testing_data_generation.TestRAGQuestionAnswering" name="test_query_llama" time="0.004" /><testcase classname="test_testing_data_generation.TestRAGQuestionAnswering" name="test_question_fetch" time="0.009" /><testcase classname="test_testing_data_generation.TestRAGQuestionAnswering" name="test_prepare_workbook" time="0.010" /><testcase classname="test_testing_data_generation.TestRAGQuestionAnswering" name="test_run" time="0.008" /></testsuite></testsuites>